02:11:58.813 [main] INFO  testCases.TC025_VerifyScrollUpUsingArrowButtonAndScrollDownFunctionality - Step 1: Launching the browser
02:11:58.956 [main] INFO  testCases.TC025_VerifyScrollUpUsingArrowButtonAndScrollDownFunctionality - Step 2: Navigating to baseURL: http://automationexercise.com
02:12:07.665 [main] INFO  testCases.TC025_VerifyScrollUpUsingArrowButtonAndScrollDownFunctionality - Step 3: Verifying that home page is visible successfully
02:12:07.903 [main] INFO  testCases.TC025_VerifyScrollUpUsingArrowButtonAndScrollDownFunctionality - 4. Scroll down page to bottom
02:12:11.526 [main] INFO  testCases.TC025_VerifyScrollUpUsingArrowButtonAndScrollDownFunctionality - 5. Verify 'SUBSCRIPTION' is visible
02:12:19.305 [main] INFO  testCases.TC025_VerifyScrollUpUsingArrowButtonAndScrollDownFunctionality - 6. Click on arrow at bottom right side to move upward
02:12:20.018 [main] INFO  testCases.TC025_VerifyScrollUpUsingArrowButtonAndScrollDownFunctionality - 7. Verify that page is scrolled up and 'Full-Fledged practice website for Automation Engineers' text is visible on screen
02:12:24.642 [main] DEBUG testCases.TC025_VerifyScrollUpUsingArrowButtonAndScrollDownFunctionality - application logs end.......
02:12:24.643 [main] INFO  testCases.TC025_VerifyScrollUpUsingArrowButtonAndScrollDownFunctionality - **** finished TC025_VerifyScrollUpUsingArrowButtonAndScrollDownFunctionality  *****
02:17:21.244 [main] DEBUG testCases.TC025_VerifyScrollUpUsingArrowButtonAndScrollDownFunctionality - logging started
02:17:21.293 [main] INFO  testCases.TC025_VerifyScrollUpUsingArrowButtonAndScrollDownFunctionality - starting TC025_VerifyScrollUpUsingArrowButtonAndScrollDownFunctionality
02:17:21.294 [main] INFO  testCases.TC025_VerifyScrollUpUsingArrowButtonAndScrollDownFunctionality - Step 1: Launching the browser
02:17:21.295 [main] INFO  testCases.TC025_VerifyScrollUpUsingArrowButtonAndScrollDownFunctionality - Step 2: Navigating to baseURL: http://automationexercise.com
02:17:26.750 [main] INFO  testCases.TC025_VerifyScrollUpUsingArrowButtonAndScrollDownFunctionality - Step 3: Verifying that home page is visible successfully
02:17:27.037 [main] INFO  testCases.TC025_VerifyScrollUpUsingArrowButtonAndScrollDownFunctionality - 4. Scroll down page to bottom
02:17:31.142 [main] INFO  testCases.TC025_VerifyScrollUpUsingArrowButtonAndScrollDownFunctionality - 5. Verify 'SUBSCRIPTION' is visible
02:17:35.049 [main] INFO  testCases.TC025_VerifyScrollUpUsingArrowButtonAndScrollDownFunctionality - 6. Click on arrow at bottom right side to move upward
02:17:35.452 [main] INFO  testCases.TC025_VerifyScrollUpUsingArrowButtonAndScrollDownFunctionality - 7. Verify that page is scrolled up and 'Full-Fledged practice website for Automation Engineers' text is visible on screen
02:17:46.097 [main] DEBUG testCases.TC025_VerifyScrollUpUsingArrowButtonAndScrollDownFunctionality - application logs end.......
02:17:46.098 [main] INFO  testCases.TC025_VerifyScrollUpUsingArrowButtonAndScrollDownFunctionality - **** finished TC025_VerifyScrollUpUsingArrowButtonAndScrollDownFunctionality  *****
02:21:23.290 [main] DEBUG testCases.TC006_ContactUsForm - logging started
02:21:23.328 [main] INFO  testCases.TC006_ContactUsForm - starting TC006_ContactUsForm
02:21:23.329 [main] INFO  testCases.TC006_ContactUsForm - Step 1: Launching the browser
02:21:23.330 [main] INFO  testCases.TC006_ContactUsForm - Step 2: Navigating to baseURL: http://automationexercise.com
02:21:28.901 [main] INFO  testCases.TC006_ContactUsForm - Step 3: Verifying that home page is visible successfully
02:21:28.981 [main] INFO  testCases.TC006_ContactUsForm - Step 4: Click on 'Contact Us' button
02:21:35.124 [main] INFO  testCases.TC006_ContactUsForm - Step 5: Verify 'GET IN TOUCH' is visible
02:21:42.001 [main] INFO  testCases.TC006_ContactUsForm - Step 6: Enter name, email, subject and message
02:21:51.107 [main] INFO  testCases.TC006_ContactUsForm - Step 7: Upload file --Skipped--
02:21:51.112 [main] INFO  testCases.TC006_ContactUsForm - Step 8: Click 'Submit' button
02:21:54.051 [main] INFO  testCases.TC006_ContactUsForm - Step 9: Click OK button
02:21:54.320 [main] INFO  testCases.TC006_ContactUsForm - Step 10: Verify success message 'Success! Your details have been submitted successfully.' is visible
02:21:54.555 [main] INFO  testCases.TC006_ContactUsForm - Step 11: Click 'Home' button and verify that landed to home page successfully
02:21:58.843 [main] DEBUG testCases.TC006_ContactUsForm - application logs end.......
02:21:58.847 [main] INFO  testCases.TC006_ContactUsForm - **** finished TC006_ContactUsForm  *****
11:49:11.909 [TestNG-tests-1] DEBUG testCases.TC025_VerifyScrollUpUsingArrowButtonAndScrollDownFunctionality - logging started
11:49:12.311 [TestNG-tests-1] INFO  testCases.TC025_VerifyScrollUpUsingArrowButtonAndScrollDownFunctionality - starting TC025_VerifyScrollUpUsingArrowButtonAndScrollDownFunctionality
11:49:12.312 [TestNG-tests-1] INFO  testCases.TC025_VerifyScrollUpUsingArrowButtonAndScrollDownFunctionality - Step 1: Launching the browser
11:49:12.312 [TestNG-tests-1] INFO  testCases.TC025_VerifyScrollUpUsingArrowButtonAndScrollDownFunctionality - Step 2: Navigating to baseURL: http://automationexercise.com
11:49:21.522 [TestNG-tests-1] INFO  testCases.TC025_VerifyScrollUpUsingArrowButtonAndScrollDownFunctionality - Step 3: Verifying that home page is visible successfully
11:49:22.101 [TestNG-tests-1] INFO  testCases.TC025_VerifyScrollUpUsingArrowButtonAndScrollDownFunctionality - 4. Scroll down page to bottom
11:49:26.726 [TestNG-tests-1] INFO  testCases.TC025_VerifyScrollUpUsingArrowButtonAndScrollDownFunctionality - 5. Verify 'SUBSCRIPTION' is visible
11:49:48.380 [TestNG-tests-1] INFO  testCases.TC025_VerifyScrollUpUsingArrowButtonAndScrollDownFunctionality - 6. Click on arrow at bottom right side to move upward
11:49:49.198 [TestNG-tests-1] INFO  testCases.TC025_VerifyScrollUpUsingArrowButtonAndScrollDownFunctionality - 7. Verify that page is scrolled up and 'Full-Fledged practice website for Automation Engineers' text is visible on screen
11:49:52.521 [TestNG-tests-1] DEBUG testCases.TC025_VerifyScrollUpUsingArrowButtonAndScrollDownFunctionality - application logs end.......
11:49:52.521 [TestNG-tests-1] INFO  testCases.TC025_VerifyScrollUpUsingArrowButtonAndScrollDownFunctionality - **** finished TC025_VerifyScrollUpUsingArrowButtonAndScrollDownFunctionality  *****
